// Jest Snapshot v1, https://goo.gl/fbAQLP

exports[`Entry Schema listEntry: should work 1`] = `
Object {
  "data": Object {
    "listEntry": Array [
      Object {
        "Guest": Object {
          "NIK": "12312365",
          "firstName": "Andy",
          "lastName": "Huang",
        },
        "createdAt": "2/1/2018, 10:00:00 AM",
        "endedAt": "2/1/2018, 12:00:00 PM",
        "see": "person1",
      },
      Object {
        "Guest": Object {
          "NIK": "12312365",
          "firstName": "Andy",
          "lastName": "Huang",
        },
        "createdAt": "2/2/2018, 11:00:00 AM",
        "endedAt": null,
        "see": "person2",
      },
      Object {
        "Guest": Object {
          "NIK": "12832837",
          "firstName": "Budy",
          "lastName": "Harjo",
        },
        "createdAt": "3/1/2018, 11:00:00 AM",
        "endedAt": "3/1/2018, 12:00:00 PM",
        "see": "person2",
      },
    ],
  },
  "errors": undefined,
  "extensions": undefined,
  "http": Object {
    "headers": Headers {
      Symbol(map): Object {},
    },
  },
}
`;
