// Jest Snapshot v1, https://goo.gl/fbAQLP

exports[`Guest schema create guest: should work 1`] = `
Object {
  "data": Object {
    "createGuest": Object {
      "NIK": "12345",
      "company": null,
      "email": "john@example.com",
      "firstName": "John",
      "lastName": "Doe",
    },
  },
  "errors": undefined,
  "extensions": undefined,
  "http": Object {
    "headers": Headers {
      Symbol(map): Object {},
    },
  },
}
`;
